// Jest Snapshot v1, https://goo.gl/fbAQLP

exports[`Toast unit tests------ should match to snapshot 1`] = `ShallowWrapper {}`;
